
vaibhav@vaibhavk MINGW64 ~
$ git clone
You must specify a repository to clone.

usage: git clone [<options>] [--] <repo> [<dir>]

    -v, --verbose         be more verbose
    -q, --quiet           be more quiet
    --progress            force progress reporting
    -n, --no-checkout     don't create a checkout
    --bare                create a bare repository
    --mirror              create a mirror repository (implies bare)
    -l, --local           to clone from a local repository
    --no-hardlinks        don't use local hardlinks, always copy
    -s, --shared          setup as shared repository
    --recursive           initialize submodules in the clone
    --recurse-submodules  initialize submodules in the clone
    -j, --jobs <n>        number of submodules cloned in parallel
    --template <template-directory>
                          directory from which templates will be used
    --reference <repo>    reference repository
    --dissociate          use --reference only while cloning
    -o, --origin <name>   use <name> instead of 'origin' to track upstream
    -b, --branch <branch>
                          checkout <branch> instead of the remote's HEAD
    -u, --upload-pack <path>
                          path to git-upload-pack on the remote
    --depth <depth>       create a shallow clone of that depth
    --single-branch       clone only one branch, HEAD or --branch
    --shallow-submodules  any cloned submodules will be shallow
    --separate-git-dir <gitdir>
                          separate git dir from working tree
    -c, --config <key=value>
                          set config inside the new repository
    -4, --ipv4            use IPv4 addresses only
    -6, --ipv6            use IPv6 addresses only


vaibhav@vaibhavk MINGW64 ~
$ git clone http://github.com/vaibhavakatkar/firsrepo.git
Cloning into 'firsrepo'...
remote: Counting objects: 3, done.
remote: Total 3 (delta 0), reused 0 (delta 0), pack-reused 0
Unpacking objects: 100% (3/3), done.
Checking connectivity... done.

vaibhav@vaibhavk MINGW64 ~
$ cd f:

vaibhav@vaibhavk MINGW64 /f
$ git clone http://github.com/vaibhavakatkar/firsrepo.git
Cloning into 'firsrepo'...
remote: Counting objects: 3, done.
remote: Total 3 (delta 0), reused 0 (delta 0), pack-reused 0
Unpacking objects: 100% (3/3), done.
Checking connectivity... done.

vaibhav@vaibhavk MINGW64 /f
$ cd firsrepo/

vaibhav@vaibhavk MINGW64 /f/firsrepo (master)
$ git branch
* master

vaibhav@vaibhavk MINGW64 /f/firsrepo (master)
$ git status
On branch master
Your branch is up-to-date with 'origin/master'.
Untracked files:
  (use "git add <file>..." to include in what will be committed)

        SpringFileUpload/

nothing added to commit but untracked files present (use "git add" to track)

vaibhav@vaibhavk MINGW64 /f/firsrepo (master)
$ git add  SpringFileUpload/
warning: LF will be replaced by CRLF in SpringFileUpload/.project.
The file will have its original line endings in your working directory.
warning: LF will be replaced by CRLF in SpringFileUpload/.settings/org.eclipse.jdt.core.prefs.
The file will have its original line endings in your working directory.
warning: LF will be replaced by CRLF in SpringFileUpload/.settings/org.eclipse.m2e.core.prefs.
The file will have its original line endings in your working directory.
warning: LF will be replaced by CRLF in SpringFileUpload/.settings/org.eclipse.wst.common.project.facet.core.xml.
The file will have its original line endings in your working directory.
warning: LF will be replaced by CRLF in SpringFileUpload/.settings/org.eclipse.wst.validation.prefs.
The file will have its original line endings in your working directory.
warning: LF will be replaced by CRLF in SpringFileUpload/.settings/org.springframework.ide.eclipse.beans.core.prefs.
The file will have its original line endings in your working directory.
warning: LF will be replaced by CRLF in SpringFileUpload/.settings/org.springframework.ide.eclipse.core.prefs.
The file will have its original line endings in your working directory.
warning: LF will be replaced by CRLF in SpringFileUpload/.springBeans.
The file will have its original line endings in your working directory.
warning: LF will be replaced by CRLF in SpringFileUpload/pom.xml.
The file will have its original line endings in your working directory.
warning: LF will be replaced by CRLF in SpringFileUpload/src/main/java/com/journaldev/spring/controller/FileUploadController.java.
The file will have its original line endings in your working directory.
warning: LF will be replaced by CRLF in SpringFileUpload/src/main/resources/log4j.xml.
The file will have its original line endings in your working directory.
warning: LF will be replaced by CRLF in SpringFileUpload/src/main/webapp/WEB-INF/spring/appServlet/servlet-context.xml.
The file will have its original line endings in your working directory.
warning: LF will be replaced by CRLF in SpringFileUpload/src/main/webapp/WEB-INF/spring/root-context.xml.
The file will have its original line endings in your working directory.
warning: LF will be replaced by CRLF in SpringFileUpload/src/main/webapp/WEB-INF/web.xml.
The file will have its original line endings in your working directory.
warning: LF will be replaced by CRLF in SpringFileUpload/src/main/webapp/upload.jsp.
The file will have its original line endings in your working directory.
warning: LF will be replaced by CRLF in SpringFileUpload/src/main/webapp/uploadMultiple.jsp.
The file will have its original line endings in your working directory.
warning: LF will be replaced by CRLF in SpringFileUpload/target/SpringFileUpload-1.0.0-BUILD-SNAPSHOT/WEB-INF/classes/log4j.xml.
The file will have its original line endings in your working directory.
warning: LF will be replaced by CRLF in SpringFileUpload/target/SpringFileUpload-1.0.0-BUILD-SNAPSHOT/WEB-INF/spring/appServlet/servlet-context.xml.
The file will have its original line endings in your working directory.
warning: LF will be replaced by CRLF in SpringFileUpload/target/SpringFileUpload-1.0.0-BUILD-SNAPSHOT/WEB-INF/spring/root-context.xml.
The file will have its original line endings in your working directory.
warning: LF will be replaced by CRLF in SpringFileUpload/target/SpringFileUpload-1.0.0-BUILD-SNAPSHOT/WEB-INF/web.xml.
The file will have its original line endings in your working directory.
warning: LF will be replaced by CRLF in SpringFileUpload/target/SpringFileUpload-1.0.0-BUILD-SNAPSHOT/upload.jsp.
The file will have its original line endings in your working directory.
warning: LF will be replaced by CRLF in SpringFileUpload/target/SpringFileUpload-1.0.0-BUILD-SNAPSHOT/uploadMultiple.jsp.
The file will have its original line endings in your working directory.
warning: LF will be replaced by CRLF in SpringFileUpload/target/classes/log4j.xml.
The file will have its original line endings in your working directory.
warning: LF will be replaced by CRLF in SpringFileUpload/target/m2e-wtp/web-resources/META-INF/maven/com.journaldev.spring/SpringFileUpload/pom.xml.
The file will have its original line endings in your working directory.

vaibhav@vaibhavk MINGW64 /f/firsrepo (master)
$ git status
On branch master
Your branch is up-to-date with 'origin/master'.
Changes to be committed:
  (use "git reset HEAD <file>..." to unstage)

        new file:   SpringFileUpload/.classpath
        new file:   SpringFileUpload/.project
        new file:   SpringFileUpload/.settings/org.eclipse.jdt.core.prefs
        new file:   SpringFileUpload/.settings/org.eclipse.m2e.core.prefs
        new file:   SpringFileUpload/.settings/org.eclipse.wst.common.component
        new file:   SpringFileUpload/.settings/org.eclipse.wst.common.project.facet.core.xml
        new file:   SpringFileUpload/.settings/org.eclipse.wst.validation.prefs
        new file:   SpringFileUpload/.settings/org.springframework.ide.eclipse.beans.core.prefs
        new file:   SpringFileUpload/.settings/org.springframework.ide.eclipse.core.prefs
        new file:   SpringFileUpload/.springBeans
        new file:   SpringFileUpload/pom.xml
        new file:   SpringFileUpload/src/main/java/com/journaldev/spring/controller/FileUploadController.java
        new file:   SpringFileUpload/src/main/resources/log4j.xml
        new file:   SpringFileUpload/src/main/webapp/WEB-INF/spring/appServlet/servlet-context.xml
        new file:   SpringFileUpload/src/main/webapp/WEB-INF/spring/root-context.xml
        new file:   SpringFileUpload/src/main/webapp/WEB-INF/web.xml
        new file:   SpringFileUpload/src/main/webapp/upload.jsp
        new file:   SpringFileUpload/src/main/webapp/uploadMultiple.jsp
        new file:   SpringFileUpload/target/SpringFileUpload-1.0.0-BUILD-SNAPSHOT.war
        new file:   SpringFileUpload/target/SpringFileUpload-1.0.0-BUILD-SNAPSHOT/WEB-INF/classes/com/journaldev/spring/controller/FileUploadController.class
        new file:   SpringFileUpload/target/SpringFileUpload-1.0.0-BUILD-SNAPSHOT/WEB-INF/classes/log4j.xml
        new file:   SpringFileUpload/target/SpringFileUpload-1.0.0-BUILD-SNAPSHOT/WEB-INF/lib/aopalliance-1.0.jar
        new file:   SpringFileUpload/target/SpringFileUpload-1.0.0-BUILD-SNAPSHOT/WEB-INF/lib/aspectjrt-1.7.4.jar
        new file:   SpringFileUpload/target/SpringFileUpload-1.0.0-BUILD-SNAPSHOT/WEB-INF/lib/commons-fileupload-1.3.1.jar
        new file:   SpringFileUpload/target/SpringFileUpload-1.0.0-BUILD-SNAPSHOT/WEB-INF/lib/commons-io-2.4.jar
        new file:   SpringFileUpload/target/SpringFileUpload-1.0.0-BUILD-SNAPSHOT/WEB-INF/lib/javax.inject-1.jar
        new file:   SpringFileUpload/target/SpringFileUpload-1.0.0-BUILD-SNAPSHOT/WEB-INF/lib/jcl-over-slf4j-1.7.5.jar
        new file:   SpringFileUpload/target/SpringFileUpload-1.0.0-BUILD-SNAPSHOT/WEB-INF/lib/jstl-1.2.jar
        new file:   SpringFileUpload/target/SpringFileUpload-1.0.0-BUILD-SNAPSHOT/WEB-INF/lib/log4j-1.2.15.jar
        new file:   SpringFileUpload/target/SpringFileUpload-1.0.0-BUILD-SNAPSHOT/WEB-INF/lib/slf4j-api-1.7.5.jar
        new file:   SpringFileUpload/target/SpringFileUpload-1.0.0-BUILD-SNAPSHOT/WEB-INF/lib/slf4j-log4j12-1.7.5.jar
        new file:   SpringFileUpload/target/SpringFileUpload-1.0.0-BUILD-SNAPSHOT/WEB-INF/lib/spring-aop-4.0.0.RELEASE.jar
        new file:   SpringFileUpload/target/SpringFileUpload-1.0.0-BUILD-SNAPSHOT/WEB-INF/lib/spring-beans-4.0.0.RELEASE.jar
        new file:   SpringFileUpload/target/SpringFileUpload-1.0.0-BUILD-SNAPSHOT/WEB-INF/lib/spring-context-4.0.0.RELEASE.jar
        new file:   SpringFileUpload/target/SpringFileUpload-1.0.0-BUILD-SNAPSHOT/WEB-INF/lib/spring-core-4.0.0.RELEASE.jar
        new file:   SpringFileUpload/target/SpringFileUpload-1.0.0-BUILD-SNAPSHOT/WEB-INF/lib/spring-expression-4.0.0.RELEASE.jar
        new file:   SpringFileUpload/target/SpringFileUpload-1.0.0-BUILD-SNAPSHOT/WEB-INF/lib/spring-web-4.0.0.RELEASE.jar
        new file:   SpringFileUpload/target/SpringFileUpload-1.0.0-BUILD-SNAPSHOT/WEB-INF/lib/spring-webmvc-4.0.0.RELEASE.jar
        new file:   SpringFileUpload/target/SpringFileUpload-1.0.0-BUILD-SNAPSHOT/WEB-INF/spring/appServlet/servlet-context.xml
        new file:   SpringFileUpload/target/SpringFileUpload-1.0.0-BUILD-SNAPSHOT/WEB-INF/spring/root-context.xml
        new file:   SpringFileUpload/target/SpringFileUpload-1.0.0-BUILD-SNAPSHOT/WEB-INF/web.xml
        new file:   SpringFileUpload/target/SpringFileUpload-1.0.0-BUILD-SNAPSHOT/upload.jsp
        new file:   SpringFileUpload/target/SpringFileUpload-1.0.0-BUILD-SNAPSHOT/uploadMultiple.jsp
        new file:   SpringFileUpload/target/classes/com/journaldev/spring/controller/FileUploadController.class
        new file:   SpringFileUpload/target/classes/log4j.xml
        new file:   SpringFileUpload/target/m2e-wtp/web-resources/META-INF/MANIFEST.MF
        new file:   SpringFileUpload/target/m2e-wtp/web-resources/META-INF/maven/com.journaldev.spring/SpringFileUpload/pom.properties
        new file:   SpringFileUpload/target/m2e-wtp/web-resources/META-INF/maven/com.journaldev.spring/SpringFileUpload/pom.xml
        new file:   SpringFileUpload/target/maven-archiver/pom.properties


vaibhav@vaibhavk MINGW64 /f/firsrepo (master)
$ git commit -m "upload project"

*** Please tell me who you are.

Run

  git config --global user.email "you@example.com"
  git config --global user.name "Your Name"

to set your account's default identity.
Omit --global to set the identity only in this repository.

fatal: empty ident name (for <(null)>) not allowed

vaibhav@vaibhavk MINGW64 /f/firsrepo (master)
$ git commit -m "upload project"

*** Please tell me who you are.

Run

  git config --global user.email "you@example.com"
  git config --global user.name "Your Name"

to set your account's default identity.
Omit --global to set the identity only in this repository.

fatal: empty ident name (for <(null)>) not allowed

vaibhav@vaibhavk MINGW64 /f/firsrepo (master)
$  git config --global user.email "vaibhavakatkar@gmail.com"

vaibhav@vaibhavk MINGW64 /f/firsrepo (master)
$  git config --global user.name "vaibhav"

vaibhav@vaibhavk MINGW64 /f/firsrepo (master)
$ git commit -m "upload project"
[master 30e3146] upload project
warning: LF will be replaced by CRLF in SpringFileUpload/.project.
The file will have its original line endings in your working directory.
warning: LF will be replaced by CRLF in SpringFileUpload/.settings/org.eclipse.jdt.core.prefs.
The file will have its original line endings in your working directory.
warning: LF will be replaced by CRLF in SpringFileUpload/.settings/org.eclipse.m2e.core.prefs.
The file will have its original line endings in your working directory.
warning: LF will be replaced by CRLF in SpringFileUpload/.settings/org.eclipse.wst.common.project.facet.core.xml.
The file will have its original line endings in your working directory.
warning: LF will be replaced by CRLF in SpringFileUpload/.settings/org.eclipse.wst.validation.prefs.
The file will have its original line endings in your working directory.
warning: LF will be replaced by CRLF in SpringFileUpload/.settings/org.springframework.ide.eclipse.beans.core.prefs.
The file will have its original line endings in your working directory.
warning: LF will be replaced by CRLF in SpringFileUpload/.settings/org.springframework.ide.eclipse.core.prefs.
The file will have its original line endings in your working directory.
warning: LF will be replaced by CRLF in SpringFileUpload/.springBeans.
The file will have its original line endings in your working directory.
warning: LF will be replaced by CRLF in SpringFileUpload/pom.xml.
The file will have its original line endings in your working directory.
warning: LF will be replaced by CRLF in SpringFileUpload/src/main/java/com/journaldev/spring/controller/FileUploadController.java.
The file will have its original line endings in your working directory.
warning: LF will be replaced by CRLF in SpringFileUpload/src/main/resources/log4j.xml.
The file will have its original line endings in your working directory.
warning: LF will be replaced by CRLF in SpringFileUpload/src/main/webapp/WEB-INF/spring/appServlet/servlet-context.xml.
The file will have its original line endings in your working directory.
warning: LF will be replaced by CRLF in SpringFileUpload/src/main/webapp/WEB-INF/spring/root-context.xml.
The file will have its original line endings in your working directory.
warning: LF will be replaced by CRLF in SpringFileUpload/src/main/webapp/WEB-INF/web.xml.
The file will have its original line endings in your working directory.
warning: LF will be replaced by CRLF in SpringFileUpload/src/main/webapp/upload.jsp.
The file will have its original line endings in your working directory.
warning: LF will be replaced by CRLF in SpringFileUpload/src/main/webapp/uploadMultiple.jsp.
The file will have its original line endings in your working directory.
warning: LF will be replaced by CRLF in SpringFileUpload/target/SpringFileUpload-1.0.0-BUILD-SNAPSHOT/WEB-INF/classes/log4j.xml.
The file will have its original line endings in your working directory.
warning: LF will be replaced by CRLF in SpringFileUpload/target/SpringFileUpload-1.0.0-BUILD-SNAPSHOT/WEB-INF/spring/appServlet/servlet-context.xml.
The file will have its original line endings in your working directory.
warning: LF will be replaced by CRLF in SpringFileUpload/target/SpringFileUpload-1.0.0-BUILD-SNAPSHOT/WEB-INF/spring/root-context.xml.
The file will have its original line endings in your working directory.
warning: LF will be replaced by CRLF in SpringFileUpload/target/SpringFileUpload-1.0.0-BUILD-SNAPSHOT/WEB-INF/web.xml.
The file will have its original line endings in your working directory.
warning: LF will be replaced by CRLF in SpringFileUpload/target/SpringFileUpload-1.0.0-BUILD-SNAPSHOT/upload.jsp.
The file will have its original line endings in your working directory.
warning: LF will be replaced by CRLF in SpringFileUpload/target/SpringFileUpload-1.0.0-BUILD-SNAPSHOT/uploadMultiple.jsp.
The file will have its original line endings in your working directory.
warning: LF will be replaced by CRLF in SpringFileUpload/target/classes/log4j.xml.
The file will have its original line endings in your working directory.
warning: LF will be replaced by CRLF in SpringFileUpload/target/m2e-wtp/web-resources/META-INF/maven/com.journaldev.spring/SpringFileUpload/pom.xml.
The file will have its original line endings in your working directory.
 49 files changed, 1101 insertions(+)
 create mode 100644 SpringFileUpload/.classpath
 create mode 100644 SpringFileUpload/.project
 create mode 100644 SpringFileUpload/.settings/org.eclipse.jdt.core.prefs
 create mode 100644 SpringFileUpload/.settings/org.eclipse.m2e.core.prefs
 create mode 100644 SpringFileUpload/.settings/org.eclipse.wst.common.component
 create mode 100644 SpringFileUpload/.settings/org.eclipse.wst.common.project.facet.core.xml
 create mode 100644 SpringFileUpload/.settings/org.eclipse.wst.validation.prefs
 create mode 100644 SpringFileUpload/.settings/org.springframework.ide.eclipse.beans.core.prefs
 create mode 100644 SpringFileUpload/.settings/org.springframework.ide.eclipse.core.prefs
 create mode 100644 SpringFileUpload/.springBeans
 create mode 100644 SpringFileUpload/pom.xml
 create mode 100644 SpringFileUpload/src/main/java/com/journaldev/spring/controller/FileUploadController.java
 create mode 100644 SpringFileUpload/src/main/resources/log4j.xml
 create mode 100644 SpringFileUpload/src/main/webapp/WEB-INF/spring/appServlet/servlet-context.xml
 create mode 100644 SpringFileUpload/src/main/webapp/WEB-INF/spring/root-context.xml
 create mode 100644 SpringFileUpload/src/main/webapp/WEB-INF/web.xml
 create mode 100644 SpringFileUpload/src/main/webapp/upload.jsp
 create mode 100644 SpringFileUpload/src/main/webapp/uploadMultiple.jsp
 create mode 100644 SpringFileUpload/target/SpringFileUpload-1.0.0-BUILD-SNAPSHOT.war
 create mode 100644 SpringFileUpload/target/SpringFileUpload-1.0.0-BUILD-SNAPSHOT/WEB-INF/classes/com/journaldev/spring/controller/FileUploadController.class
 create mode 100644 SpringFileUpload/target/SpringFileUpload-1.0.0-BUILD-SNAPSHOT/WEB-INF/classes/log4j.xml
 create mode 100644 SpringFileUpload/target/SpringFileUpload-1.0.0-BUILD-SNAPSHOT/WEB-INF/lib/aopalliance-1.0.jar
 create mode 100644 SpringFileUpload/target/SpringFileUpload-1.0.0-BUILD-SNAPSHOT/WEB-INF/lib/aspectjrt-1.7.4.jar
 create mode 100644 SpringFileUpload/target/SpringFileUpload-1.0.0-BUILD-SNAPSHOT/WEB-INF/lib/commons-fileupload-1.3.1.jar
 create mode 100644 SpringFileUpload/target/SpringFileUpload-1.0.0-BUILD-SNAPSHOT/WEB-INF/lib/commons-io-2.4.jar
 create mode 100644 SpringFileUpload/target/SpringFileUpload-1.0.0-BUILD-SNAPSHOT/WEB-INF/lib/javax.inject-1.jar
 create mode 100644 SpringFileUpload/target/SpringFileUpload-1.0.0-BUILD-SNAPSHOT/WEB-INF/lib/jcl-over-slf4j-1.7.5.jar
 create mode 100644 SpringFileUpload/target/SpringFileUpload-1.0.0-BUILD-SNAPSHOT/WEB-INF/lib/jstl-1.2.jar
 create mode 100644 SpringFileUpload/target/SpringFileUpload-1.0.0-BUILD-SNAPSHOT/WEB-INF/lib/log4j-1.2.15.jar
 create mode 100644 SpringFileUpload/target/SpringFileUpload-1.0.0-BUILD-SNAPSHOT/WEB-INF/lib/slf4j-api-1.7.5.jar
 create mode 100644 SpringFileUpload/target/SpringFileUpload-1.0.0-BUILD-SNAPSHOT/WEB-INF/lib/slf4j-log4j12-1.7.5.jar
 create mode 100644 SpringFileUpload/target/SpringFileUpload-1.0.0-BUILD-SNAPSHOT/WEB-INF/lib/spring-aop-4.0.0.RELEASE.jar
 create mode 100644 SpringFileUpload/target/SpringFileUpload-1.0.0-BUILD-SNAPSHOT/WEB-INF/lib/spring-beans-4.0.0.RELEASE.jar
 create mode 100644 SpringFileUpload/target/SpringFileUpload-1.0.0-BUILD-SNAPSHOT/WEB-INF/lib/spring-context-4.0.0.RELEASE.jar
 create mode 100644 SpringFileUpload/target/SpringFileUpload-1.0.0-BUILD-SNAPSHOT/WEB-INF/lib/spring-core-4.0.0.RELEASE.jar
 create mode 100644 SpringFileUpload/target/SpringFileUpload-1.0.0-BUILD-SNAPSHOT/WEB-INF/lib/spring-expression-4.0.0.RELEASE.jar
 create mode 100644 SpringFileUpload/target/SpringFileUpload-1.0.0-BUILD-SNAPSHOT/WEB-INF/lib/spring-web-4.0.0.RELEASE.jar
 create mode 100644 SpringFileUpload/target/SpringFileUpload-1.0.0-BUILD-SNAPSHOT/WEB-INF/lib/spring-webmvc-4.0.0.RELEASE.jar
 create mode 100644 SpringFileUpload/target/SpringFileUpload-1.0.0-BUILD-SNAPSHOT/WEB-INF/spring/appServlet/servlet-context.xml
 create mode 100644 SpringFileUpload/target/SpringFileUpload-1.0.0-BUILD-SNAPSHOT/WEB-INF/spring/root-context.xml
 create mode 100644 SpringFileUpload/target/SpringFileUpload-1.0.0-BUILD-SNAPSHOT/WEB-INF/web.xml
 create mode 100644 SpringFileUpload/target/SpringFileUpload-1.0.0-BUILD-SNAPSHOT/upload.jsp
 create mode 100644 SpringFileUpload/target/SpringFileUpload-1.0.0-BUILD-SNAPSHOT/uploadMultiple.jsp
 create mode 100644 SpringFileUpload/target/classes/com/journaldev/spring/controller/FileUploadController.class
 create mode 100644 SpringFileUpload/target/classes/log4j.xml
 create mode 100644 SpringFileUpload/target/m2e-wtp/web-resources/META-INF/MANIFEST.MF
 create mode 100644 SpringFileUpload/target/m2e-wtp/web-resources/META-INF/maven/com.journaldev.spring/SpringFileUpload/pom.properties
 create mode 100644 SpringFileUpload/target/m2e-wtp/web-resources/META-INF/maven/com.journaldev.spring/SpringFileUpload/pom.xml
 create mode 100644 SpringFileUpload/target/maven-archiver/pom.properties

vaibhav@vaibhavk MINGW64 /f/firsrepo (master)
$ git status
On branch master
Your branch is ahead of 'origin/master' by 1 commit.
  (use "git push" to publish your local commits)
nothing to commit, working directory clean

vaibhav@vaibhavk MINGW64 /f/firsrepo (master)
$ git push
Logon failed, use ctrl+c to cancel basic credential prompt.
Username for 'https://github.com/': vaibhavakatkar
remote: Invalid username or password.
fatal: Authentication failed for 'https://github.com/vaibhavakatkar/firsrepo.git/'

vaibhav@vaibhavk MINGW64 /f/firsrepo (master)
$ git push
Logon failed, use ctrl+c to cancel basic credential prompt.
Username for 'https://github.com/': vaibhavakatkar
remote: Invalid username or password.
fatal: Authentication failed for 'https://github.com/vaibhavakatkar/firsrepo.git/'

vaibhav@vaibhavk MINGW64 /f/firsrepo (master)
$ git push
Counting objects: 72, done.
Delta compression using up to 4 threads.
Compressing objects: 100% (57/57), done.
Writing objects: 100% (72/72), 9.67 MiB | 43.00 KiB/s, done.
Total 72 (delta 1), reused 0 (delta 0)
To http://github.com/vaibhavakatkar/firsrepo.git
   56b4fad..30e3146  master -> master

vaibhav@vaibhavk MINGW64 /f/firsrepo (master)
$ git branch
* master

vaibhav@vaibhavk MINGW64 /f/firsrepo (master)
$ git branch -a
* master
  remotes/origin/HEAD -> origin/master
  remotes/origin/master

vaibhav@vaibhavk MINGW64 /f/firsrepo (master)
$ git pull
fatal: unable to access 'http://github.com/vaibhavakatkar/firsrepo.git/': Couldn't resolve host 'github.com'

vaibhav@vaibhavk MINGW64 /f/firsrepo (master)
$ git pull
From http://github.com/vaibhavakatkar/firsrepo
 * [new branch]      branch-v0.1.0 -> origin/branch-v0.1.0
Already up-to-date.

vaibhav@vaibhavk MINGW64 /f/firsrepo (master)
$ git branch
* master

vaibhav@vaibhavk MINGW64 /f/firsrepo (master)
$ git branch -a
* master
  remotes/origin/HEAD -> origin/master
  remotes/origin/branch-v0.1.0
  remotes/origin/master

vaibhav@vaibhavk MINGW64 /f/firsrepo (master)
$ git checkout branch-v0.1.0
Branch branch-v0.1.0 set up to track remote branch branch-v0.1.0 from origin.
Switched to a new branch 'branch-v0.1.0'

vaibhav@vaibhavk MINGW64 /f/firsrepo (branch-v0.1.0)
$ git branch
* branch-v0.1.0
  master

vaibhav@vaibhavk MINGW64 /f/firsrepo (branch-v0.1.0)
$ dir
README.md  SpringFileUpload

vaibhav@vaibhavk MINGW64 /f/firsrepo (branch-v0.1.0)
$ md jitu
bash: md: command not found

vaibhav@vaibhavk MINGW64 /f/firsrepo (branch-v0.1.0)
$ m jitu
bash: m: command not found

vaibhav@vaibhavk MINGW64 /f/firsrepo (branch-v0.1.0)
$ mk jitu
bash: mk: command not found

vaibhav@vaibhavk MINGW64 /f/firsrepo (branch-v0.1.0)
$ mkdir jitu

vaibhav@vaibhavk MINGW64 /f/firsrepo (branch-v0.1.0)
$ cd

vaibhav@vaibhavk MINGW64 ~
$ cd

vaibhav@vaibhavk MINGW64 ~
$ dir
AppData
Application\ Data
Contacts
Cookies
Desktop
Documents
Downloads
Favorites
firsrepo
IntelGraphicsProfiles
Links
Local\ Settings
Music
My\ Documents
NetHood
NTUSER.DAT
ntuser.dat.LOG1
ntuser.dat.LOG2
NTUSER.DAT{bbed3e3b-0b41-11e3-8249-d6927d06400b}.TM.blf
NTUSER.DAT{bbed3e3b-0b41-11e3-8249-d6927d06400b}.TMContainer00000000000000000001.regtrans-ms
NTUSER.DAT{bbed3e3b-0b41-11e3-8249-d6927d06400b}.TMContainer00000000000000000002.regtrans-ms
ntuser.ini
Pictures
PrintHood
Recent
Saved\ Games
Searches
SendTo
Start\ Menu
Templates
Videos
workspace

vaibhav@vaibhavk MINGW64 ~
$ cd f:

vaibhav@vaibhavk MINGW64 /f
$ cd firsrepo/

vaibhav@vaibhavk MINGW64 /f/firsrepo (branch-v0.1.0)
$ dir
jitu  README.md  SpringFileUpload

vaibhav@vaibhavk MINGW64 /f/firsrepo (branch-v0.1.0)
$ git status
On branch branch-v0.1.0
Your branch is up-to-date with 'origin/branch-v0.1.0'.
nothing to commit, working directory clean

vaibhav@vaibhavk MINGW64 /f/firsrepo (branch-v0.1.0)
$ cd jitu

vaibhav@vaibhavk MINGW64 /f/firsrepo/jitu (branch-v0.1.0)
$ git staus
git: 'staus' is not a git command. See 'git --help'.

Did you mean this?
        status

vaibhav@vaibhavk MINGW64 /f/firsrepo/jitu (branch-v0.1.0)
$ git status
On branch branch-v0.1.0
Your branch is up-to-date with 'origin/branch-v0.1.0'.
Untracked files:
  (use "git add <file>..." to include in what will be committed)

        ./

nothing added to commit but untracked files present (use "git add" to track)

vaibhav@vaibhavk MINGW64 /f/firsrepo/jitu (branch-v0.1.0)
$ cd

vaibhav@vaibhavk MINGW64 ~
$ cd f:

vaibhav@vaibhavk MINGW64 /f
$ cd firsrepo/

vaibhav@vaibhavk MINGW64 /f/firsrepo (branch-v0.1.0)
$ git status
On branch branch-v0.1.0
Your branch is up-to-date with 'origin/branch-v0.1.0'.
Untracked files:
  (use "git add <file>..." to include in what will be committed)

        jitu/

nothing added to commit but untracked files present (use "git add" to track)

vaibhav@vaibhavk MINGW64 /f/firsrepo (branch-v0.1.0)
$ git add jitu/

vaibhav@vaibhavk MINGW64 /f/firsrepo (branch-v0.1.0)
$ git status
On branch branch-v0.1.0
Your branch is up-to-date with 'origin/branch-v0.1.0'.
Changes to be committed:
  (use "git reset HEAD <file>..." to unstage)

        new file:   jitu/hello.txt


vaibhav@vaibhavk MINGW64 /f/firsrepo (branch-v0.1.0)
$ git  commit -m "create jit floder and file"
[branch-v0.1.0 1a0df27] create jit floder and file
 1 file changed, 0 insertions(+), 0 deletions(-)
 create mode 100644 jitu/hello.txt

vaibhav@vaibhavk MINGW64 /f/firsrepo (branch-v0.1.0)
$ git staus
git: 'staus' is not a git command. See 'git --help'.

Did you mean this?
        status

vaibhav@vaibhavk MINGW64 /f/firsrepo (branch-v0.1.0)
$ git staus
git: 'staus' is not a git command. See 'git --help'.

Did you mean this?
        status

vaibhav@vaibhavk MINGW64 /f/firsrepo (branch-v0.1.0)
$ git status
On branch branch-v0.1.0
Your branch is ahead of 'origin/branch-v0.1.0' by 1 commit.
  (use "git push" to publish your local commits)
nothing to commit, working directory clean

vaibhav@vaibhavk MINGW64 /f/firsrepo (branch-v0.1.0)
$ git checkout master
Switched to branch 'master'
Your branch is up-to-date with 'origin/master'.

vaibhav@vaibhavk MINGW64 /f/firsrepo (master)
$ dir
README.md  SpringFileUpload

vaibhav@vaibhavk MINGW64 /f/firsrepo (master)
$ git pull
Already up-to-date.

vaibhav@vaibhavk MINGW64 /f/firsrepo (master)
$ git checkout branch-v0.1.0
Switched to branch 'branch-v0.1.0'
Your branch is ahead of 'origin/branch-v0.1.0' by 1 commit.
  (use "git push" to publish your local commits)

vaibhav@vaibhavk MINGW64 /f/firsrepo (branch-v0.1.0)
$ git merge master
Already up-to-date.

vaibhav@vaibhavk MINGW64 /f/firsrepo (branch-v0.1.0)
$ git checkout master
Switched to branch 'master'
Your branch is up-to-date with 'origin/master'.

vaibhav@vaibhavk MINGW64 /f/firsrepo (master)
$ git merge branch-v0.1.0
Updating 30e3146..1a0df27
Fast-forward
 jitu/hello.txt | 0
 1 file changed, 0 insertions(+), 0 deletions(-)
 create mode 100644 jitu/hello.txt

vaibhav@vaibhavk MINGW64 /f/firsrepo (master)
$ git push
Counting objects: 4, done.
Delta compression using up to 4 threads.
Compressing objects: 100% (2/2), done.
Writing objects: 100% (4/4), 366 bytes | 0 bytes/s, done.
Total 4 (delta 0), reused 0 (delta 0)
To http://github.com/vaibhavakatkar/firsrepo.git
   30e3146..1a0df27  master -> master

vaibhav@vaibhavk MINGW64 /f/firsrepo (master)
$ git checkout branch-v0.1.0
Switched to branch 'branch-v0.1.0'
Your branch is ahead of 'origin/branch-v0.1.0' by 1 commit.
  (use "git push" to publish your local commits)

vaibhav@vaibhavk MINGW64 /f/firsrepo (branch-v0.1.0)
$ dir
jitu  README.md  SpringFileUpload

vaibhav@vaibhavk MINGW64 /f/firsrepo (branch-v0.1.0)
$ rm jit u
rm: cannot remove 'jitu': Is a directory

vaibhav@vaibhavk MINGW64 /f/firsrepo (branch-v0.1.0)
$ dir
README.md  SpringFileUpload

vaibhav@vaibhavk MINGW64 /f/firsrepo (branch-v0.1.0)
$ git status
On branch branch-v0.1.0
Your branch is ahead of 'origin/branch-v0.1.0' by 1 commit.
  (use "git push" to publish your local commits)
Changes not staged for commit:
  (use "git add/rm <file>..." to update what will be committed)
  (use "git checkout -- <file>..." to discard changes in working directory)

        deleted:    jitu/hello.txt

no changes added to commit (use "git add" and/or "git commit -a")

vaibhav@vaibhavk MINGW64 /f/firsrepo (branch-v0.1.0)
$ git add -u .

vaibhav@vaibhavk MINGW64 /f/firsrepo (branch-v0.1.0)
$ git status
On branch branch-v0.1.0
Your branch is ahead of 'origin/branch-v0.1.0' by 1 commit.
  (use "git push" to publish your local commits)
Changes to be committed:
  (use "git reset HEAD <file>..." to unstage)

        deleted:    jitu/hello.txt


vaibhav@vaibhavk MINGW64 /f/firsrepo (branch-v0.1.0)
$ git commit -m "delete jitu folder"
[branch-v0.1.0 4425ed9] delete jitu folder
 1 file changed, 0 insertions(+), 0 deletions(-)
 delete mode 100644 jitu/hello.txt

vaibhav@vaibhavk MINGW64 /f/firsrepo (branch-v0.1.0)
$ git checkout master
Switched to branch 'master'
Your branch is up-to-date with 'origin/master'.

vaibhav@vaibhavk MINGW64 /f/firsrepo (master)
$ git merge branch-v0.1.0
Updating 1a0df27..4425ed9
Fast-forward
 jitu/hello.txt | 0
 1 file changed, 0 insertions(+), 0 deletions(-)
 delete mode 100644 jitu/hello.txt

vaibhav@vaibhavk MINGW64 /f/firsrepo (master)
$ git push
Counting objects: 2, done.
Delta compression using up to 4 threads.
Compressing objects: 100% (2/2), done.
Writing objects: 100% (2/2), 220 bytes | 0 bytes/s, done.
Total 2 (delta 1), reused 0 (delta 0)
To http://github.com/vaibhavakatkar/firsrepo.git
   1a0df27..4425ed9  master -> master

vaibhav@vaibhavk MINGW64 /f/firsrepo (master)
$ git checkout branch-v0.1.0
Switched to branch 'branch-v0.1.0'
Your branch is ahead of 'origin/branch-v0.1.0' by 2 commits.
  (use "git push" to publish your local commits)

vaibhav@vaibhavk MINGW64 /f/firsrepo (branch-v0.1.0)
$ mkdir vabh

vaibhav@vaibhavk MINGW64 /f/firsrepo (branch-v0.1.0)
$ git status
On branch branch-v0.1.0
Your branch is ahead of 'origin/branch-v0.1.0' by 2 commits.
  (use "git push" to publish your local commits)
Untracked files:
  (use "git add <file>..." to include in what will be committed)

        vabh/

nothing added to commit but untracked files present (use "git add" to track)

vaibhav@vaibhavk MINGW64 /f/firsrepo (branch-v0.1.0)
$ git add -u .

vaibhav@vaibhavk MINGW64 /f/firsrepo (branch-v0.1.0)
$ git add vabb/
fatal: pathspec 'vabb/' did not match any files

vaibhav@vaibhavk MINGW64 /f/firsrepo (branch-v0.1.0)
$ git add vabh/

vaibhav@vaibhavk MINGW64 /f/firsrepo (branch-v0.1.0)
$ git status
On branch branch-v0.1.0
Your branch is ahead of 'origin/branch-v0.1.0' by 2 commits.
  (use "git push" to publish your local commits)
Changes to be committed:
  (use "git reset HEAD <file>..." to unstage)

        new file:   vabh/vv.txt


vaibhav@vaibhavk MINGW64 /f/firsrepo (branch-v0.1.0)
$ git commit -m "create folder"
[branch-v0.1.0 86345e1] create folder
 1 file changed, 0 insertions(+), 0 deletions(-)
 create mode 100644 vabh/vv.txt

vaibhav@vaibhavk MINGW64 /f/firsrepo (branch-v0.1.0)
$ git status
On branch branch-v0.1.0
Your branch is ahead of 'origin/branch-v0.1.0' by 3 commits.
  (use "git push" to publish your local commits)
nothing to commit, working directory clean

vaibhav@vaibhavk MINGW64 /f/firsrepo (branch-v0.1.0)
$ git push
Counting objects: 4, done.
Delta compression using up to 4 threads.
Compressing objects: 100% (2/2), done.
Writing objects: 100% (4/4), 356 bytes | 0 bytes/s, done.
Total 4 (delta 0), reused 0 (delta 0)
To http://github.com/vaibhavakatkar/firsrepo.git
   30e3146..86345e1  branch-v0.1.0 -> branch-v0.1.0

vaibhav@vaibhavk MINGW64 /f/firsrepo (branch-v0.1.0)
$ git branch
* branch-v0.1.0
  master

vaibhav@vaibhavk MINGW64 /f/firsrepo (branch-v0.1.0)
$ git checkout -b sonali branch-v0.1.0
Switched to a new branch 'sonali'

vaibhav@vaibhavk MINGW64 /f/firsrepo (sonali)
$ git statsu
git: 'statsu' is not a git command. See 'git --help'.

Did you mean this?
        status

vaibhav@vaibhavk MINGW64 /f/firsrepo (sonali)
$ git branch
  branch-v0.1.0
  master
* sonali

vaibhav@vaibhavk MINGW64 /f/firsrepo (sonali)
$
